
> sona-gameathon@0.0.0 build
> vite build

[36mvite v7.3.1 [32mbuilding client environment for production...[36m[39m
transforming...
[32mΓ£ô[39m 25 modules transformed.
npm : [31mΓ£ù[39m 
Build failed in 3.01s
At line:1 char:1
+ npm run build > 
build_output.txt 2>&1
+ ~~~~~~~~~~~~~~~~~~~~~
~~~~~~~~~~~~~~~~
    + CategoryInfo     
         : NotSpecifi  
  ed: ([31mΓ£ù[39m   
  Build failed in 3    
.01s:String) [], R    
emoteException
    + FullyQualifiedEr 
   rorId : NativeComm  
  andError
 
[31merror during 
build:
[31m[vite:esbuild] 
Transform failed with 
1 error:
D:/Sona-Power-Predict/s
rc/components/AdminDash
board.tsx:174:8: 
ERROR: Expected 
"finally" but found 
"else"[31m
file: [36mD:/Sona-Powe
r-Predict/src/component
s/AdminDashboard.tsx:17
4:8[31m
[33m
[33mExpected 
"finally" but found 
"else"[33m
172 |          }
173 |        }
174 |        } else if 
(action === 
'markPaid') {
    |          ^
175 |          await ad
minAction('markPaid', 
selectedTeam._id);
176 |          
setModal({ isOpen: 
true, title: 'Payment 
Marked', message: `${se
lectedTeam.teamName} 
has been marked as 
Paid....
[31m
    at 
failureErrorWithLog (D:
\Sona-Power-Predict\nod
e_modules\esbuild\lib\m
ain.js:1467:15)
    at D:\Sona-Power-Pr
edict\node_modules\esbu
ild\lib\main.js:736:50
    at responseCallback
s.<computed> (D:\Sona-P
ower-Predict\node_modul
es\esbuild\lib\main.js:
603:9)
    at 
handleIncomingPacket (D
:\Sona-Power-Predict\no
de_modules\esbuild\lib\
main.js:658:12)
    at 
Socket.readFromStdout (
D:\Sona-Power-Predict\n
ode_modules\esbuild\lib
\main.js:581:7)
    at Socket.emit 
(node:events:524:28)
    at addChunk (node:i
nternal/streams/readabl
e:561:12)
    at readableAddChunk
PushByteMode (node:inte
rnal/streams/readable:5
12:3)
    at Readable.push (n
ode:internal/streams/re
adable:392:5)
    at 
Pipe.onStreamRead (node
:internal/stream_base_c
ommons:191:23)[39m
